
Memory Configuration

Name             Origin             Length             Attributes
ROM              0x0000000000000000 0x0000000000040000 xr
RAM              0x0000000020000000 0x0000000000008000 xrw
*default*        0x0000000000000000 0xffffffffffffffff

Linker script and memory map

                0x000000000000165c                _etext = LOADADDR (.data)
                0x0000000020000000                _data = ADDR (.data)
                0x0000000020000001                _edata = (ADDR (.data) + SIZEOF (.data))
                0x0000000020000004                _bss = ADDR (.bss)
                0x0000000020000080                _ebss = (ADDR (.bss) + SIZEOF (.bss))

.text           0x0000000000000000     0x165c
 *(.init*)
 .init_vector   0x0000000000000000      0x3c0 objects//home/drdave/efob/ectf/car/platform/vector_table.o
                0x0000000000000000                vector_table
 *(.text*)
 .text          0x00000000000003c0       0x10 objects//home/drdave/efob/ectf/car/ping.o
                0x00000000000003c0                ping
 .text          0x00000000000003d0       0x64 objects//home/drdave/efob/ectf/car/platform/uart/uart.o
                0x00000000000003d0                uputc
                0x00000000000003f4                ugetc
                0x0000000000000410                uart_init
 .text          0x0000000000000434       0x64 objects//home/drdave/efob/ectf/car/platform/uart/uart2.o
                0x0000000000000434                u2putc
                0x0000000000000458                u2getc
                0x0000000000000474                uart2_init
 .text          0x0000000000000498       0x8c objects//home/drdave/efob/ectf/car/platform/platform.o
                0x0000000000000498                pin_setup
                0x00000000000004ec                platform_init
 .text          0x0000000000000524        0x2 objects//home/drdave/efob/ectf/car/platform/vector_table.o
                0x0000000000000524                default_handler
 *fill*         0x0000000000000526        0x2 
 .text          0x0000000000000528       0xac objects//home/drdave/efob/shell/lib/memlog/memlog.o
                0x0000000000000528                memlog_init
                0x0000000000000568                memlog_getc
                0x00000000000005a8                memlog_putc
 .text          0x00000000000005d4      0x25c objects//home/drdave/efob/shell/lib/printf/printf.o
                0x0000000000000730                printf
                0x000000000000080c                printf2
 .text          0x0000000000000830      0x5e0 objects//home/drdave/efob/shell/lib/tiny-aes/aes.o
                0x0000000000000cd6                AES_init_ctx
                0x0000000000000cde                AES_init_ctx_iv
                0x0000000000000cf6                AES_ctx_set_iv
                0x0000000000000d02                AES_ECB_encrypt
                0x0000000000000d10                AES_ECB_decrypt
                0x0000000000000d1e                AES_CBC_encrypt_buffer
                0x0000000000000d56                AES_CBC_decrypt_buffer
                0x0000000000000d9c                AES_CTR_xcrypt_buffer
 .text          0x0000000000000e10       0x5a objects//home/drdave/efob/shell/lib/a2i/a2i.o
                0x0000000000000e10                atoi
                0x0000000000000e2c                atoh
 *fill*         0x0000000000000e6a        0x2 
 .text          0x0000000000000e6c      0x160 objects//home/drdave/efob/shell/lib/utils/utils.o
                0x0000000000000e6c                r32
                0x0000000000000e9c                w32
                0x0000000000000ecc                read_mem
                0x0000000000000f14                w32_bit
                0x0000000000000f7c                r32_bit
 .text          0x0000000000000fcc       0x60 objects//home/drdave/efob/shell/lib/string/string.o
                0x0000000000000fcc                strlen
                0x0000000000000fdc                strcmp
                0x0000000000000ff2                strcpy
                0x0000000000001006                memcpy
                0x000000000000101c                memset
 .text          0x000000000000102c      0x628 objects//home/drdave/efob/shell/shell/shell.o
                0x000000000000102c                initial_setup
                0x000000000000112c                cmd_exec_status
                0x00000000000011ac                help
                0x00000000000013a4                set_read_char
                0x00000000000013b0                set_read_char2
                0x00000000000013bc                set_write_char
                0x00000000000013c8                set_write_char2
                0x00000000000013d4                setup
                0x00000000000013d6                loop
                0x00000000000013d8                prepend_prompt
                0x000000000000147c                active_prompt
                0x00000000000015e8                prompt
                0x00000000000015fc                exec
                0x0000000000001624                get_function_addr
 .text          0x0000000000001654        0x8 objects//home/drdave/efob/ectf/car/platform/start.o
                0x0000000000001654                reset_handler

.glue_7         0x000000000000165c        0x0
 .glue_7        0x000000000000165c        0x0 linker stubs

.glue_7t        0x000000000000165c        0x0
 .glue_7t       0x000000000000165c        0x0 linker stubs

.vfp11_veneer   0x000000000000165c        0x0
 .vfp11_veneer  0x000000000000165c        0x0 linker stubs

.v4_bx          0x000000000000165c        0x0
 .v4_bx         0x000000000000165c        0x0 linker stubs

.iplt           0x000000000000165c        0x0
 .iplt          0x000000000000165c        0x0 objects//home/drdave/efob/ectf/car/ping.o

.rel.dyn        0x000000000000165c        0x0
 .rel.iplt      0x000000000000165c        0x0 objects//home/drdave/efob/ectf/car/ping.o

.data           0x0000000020000000        0x1 load address 0x000000000000165c
                0x0000000020000000                . = ALIGN (0x8)
 *(.data*)
 .data          0x0000000020000000        0x0 objects//home/drdave/efob/ectf/car/ping.o
 .data          0x0000000020000000        0x0 objects//home/drdave/efob/ectf/car/platform/uart/uart.o
 .data          0x0000000020000000        0x0 objects//home/drdave/efob/ectf/car/platform/uart/uart2.o
 .data          0x0000000020000000        0x0 objects//home/drdave/efob/ectf/car/platform/platform.o
 .data          0x0000000020000000        0x0 objects//home/drdave/efob/ectf/car/platform/vector_table.o
 .data          0x0000000020000000        0x0 objects//home/drdave/efob/shell/lib/memlog/memlog.o
 .data          0x0000000020000000        0x0 objects//home/drdave/efob/shell/lib/printf/printf.o
 .data          0x0000000020000000        0x0 objects//home/drdave/efob/shell/lib/tiny-aes/aes.o
 .data          0x0000000020000000        0x0 objects//home/drdave/efob/shell/lib/a2i/a2i.o
 .data          0x0000000020000000        0x0 objects//home/drdave/efob/shell/lib/utils/utils.o
 .data          0x0000000020000000        0x0 objects//home/drdave/efob/shell/lib/string/string.o
 .data          0x0000000020000000        0x1 objects//home/drdave/efob/shell/shell/shell.o
 .data          0x0000000020000001        0x0 objects//home/drdave/efob/ectf/car/platform/start.o

.igot.plt       0x0000000020000004        0x0 load address 0x000000000000165d
 .igot.plt      0x0000000020000004        0x0 objects//home/drdave/efob/ectf/car/ping.o

.rodata         0x0000000000001660      0x6b1
                0x0000000000001660                . = ALIGN (0x8)
                0x0000000000001660                __CMD_TABLE_START__ = .
 *(.cmd_list*)
 .cmd_list      0x0000000000001660        0xc objects//home/drdave/efob/ectf/car/ping.o
                0x0000000000001660                _varping
 .cmd_list      0x000000000000166c       0x3c objects//home/drdave/efob/shell/lib/utils/utils.o
                0x000000000000166c                _varread_mem
                0x0000000000001678                _varw32
                0x0000000000001684                _varr32
                0x0000000000001690                _varr32_bit
                0x000000000000169c                _varw32_bit
 .cmd_list      0x00000000000016a8       0x24 objects//home/drdave/efob/shell/shell/shell.o
                0x00000000000016a8                _varcmd_exec_status
                0x00000000000016b4                _varhelp
                0x00000000000016c0                _varshow_history
                0x00000000000016cc                __AUTO_TABLE_START__ = .
 *(.auto_list*)
 .auto_list     0x00000000000016cc        0xc objects//home/drdave/efob/shell/shell/shell.o
                0x00000000000016cc                _varbuild_info
 *(.cmd_end*)
 .cmd_end       0x00000000000016d8        0xc objects//home/drdave/efob/shell/shell/shell.o
 *(.rodata*)
 .rodata.str1.4
                0x00000000000016e4       0x36 objects//home/drdave/efob/ectf/car/ping.o
 *fill*         0x000000000000171a        0x2 
 .rodata.str1.4
                0x000000000000171c        0xf objects//home/drdave/efob/shell/lib/printf/printf.o
 *fill*         0x000000000000172b        0x1 
 .rodata        0x000000000000172c       0x10 objects//home/drdave/efob/shell/lib/printf/printf.o
 .rodata        0x000000000000173c      0x20c objects//home/drdave/efob/shell/lib/tiny-aes/aes.o
 .rodata.str1.4
                0x0000000000001948      0x263 objects//home/drdave/efob/shell/lib/utils/utils.o
 *fill*         0x0000000000001bab        0x1 
 .rodata        0x0000000000001bac      0x165 objects//home/drdave/efob/shell/shell/shell.o

.bss            0x0000000020000004       0x7c
                0x0000000020000008                . = ALIGN (0x8)
 *fill*         0x0000000020000004        0x4 
 *(.bss*)
 .bss           0x0000000020000008        0x0 objects//home/drdave/efob/ectf/car/ping.o
 .bss           0x0000000020000008        0x0 objects//home/drdave/efob/ectf/car/platform/uart/uart.o
 .bss           0x0000000020000008        0x0 objects//home/drdave/efob/ectf/car/platform/uart/uart2.o
 .bss           0x0000000020000008        0x0 objects//home/drdave/efob/ectf/car/platform/platform.o
 .bss           0x0000000020000008        0x0 objects//home/drdave/efob/ectf/car/platform/vector_table.o
 .bss           0x0000000020000008       0x1c objects//home/drdave/efob/shell/lib/memlog/memlog.o
 .bss           0x0000000020000024        0x0 objects//home/drdave/efob/shell/lib/printf/printf.o
 .bss           0x0000000020000024        0x0 objects//home/drdave/efob/shell/lib/tiny-aes/aes.o
 .bss           0x0000000020000024        0x0 objects//home/drdave/efob/shell/lib/a2i/a2i.o
 .bss           0x0000000020000024        0x0 objects//home/drdave/efob/shell/lib/utils/utils.o
 .bss           0x0000000020000024        0x0 objects//home/drdave/efob/shell/lib/string/string.o
 .bss           0x0000000020000024       0x5c objects//home/drdave/efob/shell/shell/shell.o
                0x0000000020000024                __write_char__
                0x0000000020000074                __read_char__
                0x0000000020000078                __read_char2__
                0x000000002000007c                __write_char2__
 .bss           0x0000000020000080        0x0 objects//home/drdave/efob/ectf/car/platform/start.o
                0x0000000020007ffc                PROVIDE (_STACK_TOP_ = ((ORIGIN (RAM) + LENGTH (RAM)) - 0x4))
LOAD objects//home/drdave/efob/ectf/car/ping.o
LOAD objects//home/drdave/efob/ectf/car/platform/uart/uart.o
LOAD objects//home/drdave/efob/ectf/car/platform/uart/uart2.o
LOAD objects//home/drdave/efob/ectf/car/platform/platform.o
LOAD objects//home/drdave/efob/ectf/car/platform/vector_table.o
LOAD objects//home/drdave/efob/shell/lib/memlog/memlog.o
LOAD objects//home/drdave/efob/shell/lib/printf/printf.o
LOAD objects//home/drdave/efob/shell/lib/tiny-aes/aes.o
LOAD objects//home/drdave/efob/shell/lib/a2i/a2i.o
LOAD objects//home/drdave/efob/shell/lib/utils/utils.o
LOAD objects//home/drdave/efob/shell/lib/string/string.o
LOAD objects//home/drdave/efob/shell/shell/shell.o
LOAD objects//home/drdave/efob/ectf/car/platform/start.o
                0x0000000020000000                __RAM_BASE__ = 0x20000000
                0x0000000000008000                __RAM_SIZE__ = 0x8000
                0x0000000000000000                __ROM_BASE__ = 0x0
                0x0000000000040000                __ROM_SIZE__ = 0x40000
OUTPUT(shell.elf elf32-littlearm)
LOAD linker stubs

.debug_info     0x0000000000000000     0x2ed0
 .debug_info    0x0000000000000000      0x168 objects//home/drdave/efob/ectf/car/ping.o
 .debug_info    0x0000000000000168       0x94 objects//home/drdave/efob/ectf/car/platform/uart/uart.o
 .debug_info    0x00000000000001fc       0x94 objects//home/drdave/efob/ectf/car/platform/uart/uart2.o
 .debug_info    0x0000000000000290      0x12a objects//home/drdave/efob/ectf/car/platform/platform.o
 .debug_info    0x00000000000003ba       0xb8 objects//home/drdave/efob/ectf/car/platform/vector_table.o
 .debug_info    0x0000000000000472      0x219 objects//home/drdave/efob/shell/lib/memlog/memlog.o
 .debug_info    0x000000000000068b      0x37d objects//home/drdave/efob/shell/lib/printf/printf.o
 .debug_info    0x0000000000000a08      0xc97 objects//home/drdave/efob/shell/lib/tiny-aes/aes.o
 .debug_info    0x000000000000169f      0x150 objects//home/drdave/efob/shell/lib/a2i/a2i.o
 .debug_info    0x00000000000017ef      0x584 objects//home/drdave/efob/shell/lib/utils/utils.o
 .debug_info    0x0000000000001d73      0x22a objects//home/drdave/efob/shell/lib/string/string.o
 .debug_info    0x0000000000001f9d      0xf33 objects//home/drdave/efob/shell/shell/shell.o

.debug_abbrev   0x0000000000000000      0xf56
 .debug_abbrev  0x0000000000000000       0xf9 objects//home/drdave/efob/ectf/car/ping.o
 .debug_abbrev  0x00000000000000f9       0xa7 objects//home/drdave/efob/ectf/car/platform/uart/uart.o
 .debug_abbrev  0x00000000000001a0       0xa7 objects//home/drdave/efob/ectf/car/platform/uart/uart2.o
 .debug_abbrev  0x0000000000000247       0x7c objects//home/drdave/efob/ectf/car/platform/platform.o
 .debug_abbrev  0x00000000000002c3       0x8b objects//home/drdave/efob/ectf/car/platform/vector_table.o
 .debug_abbrev  0x000000000000034e      0x140 objects//home/drdave/efob/shell/lib/memlog/memlog.o
 .debug_abbrev  0x000000000000048e      0x1d7 objects//home/drdave/efob/shell/lib/printf/printf.o
 .debug_abbrev  0x0000000000000665      0x237 objects//home/drdave/efob/shell/lib/tiny-aes/aes.o
 .debug_abbrev  0x000000000000089c       0xc6 objects//home/drdave/efob/shell/lib/a2i/a2i.o
 .debug_abbrev  0x0000000000000962      0x16f objects//home/drdave/efob/shell/lib/utils/utils.o
 .debug_abbrev  0x0000000000000ad1      0x101 objects//home/drdave/efob/shell/lib/string/string.o
 .debug_abbrev  0x0000000000000bd2      0x384 objects//home/drdave/efob/shell/shell/shell.o

.debug_loc      0x0000000000000000     0x22cf
 .debug_loc     0x0000000000000000       0x4a objects//home/drdave/efob/ectf/car/ping.o
 .debug_loc     0x000000000000004a       0x42 objects//home/drdave/efob/ectf/car/platform/uart/uart.o
 .debug_loc     0x000000000000008c       0x42 objects//home/drdave/efob/ectf/car/platform/uart/uart2.o
 .debug_loc     0x00000000000000ce       0xd6 objects//home/drdave/efob/shell/lib/memlog/memlog.o
 .debug_loc     0x00000000000001a4      0x5b1 objects//home/drdave/efob/shell/lib/printf/printf.o
 .debug_loc     0x0000000000000755      0xa13 objects//home/drdave/efob/shell/lib/tiny-aes/aes.o
 .debug_loc     0x0000000000001168      0x138 objects//home/drdave/efob/shell/lib/a2i/a2i.o
 .debug_loc     0x00000000000012a0      0x4bc objects//home/drdave/efob/shell/lib/utils/utils.o
 .debug_loc     0x000000000000175c      0x1cb objects//home/drdave/efob/shell/lib/string/string.o
 .debug_loc     0x0000000000001927      0x9a8 objects//home/drdave/efob/shell/shell/shell.o

.debug_aranges  0x0000000000000000      0x180
 .debug_aranges
                0x0000000000000000       0x20 objects//home/drdave/efob/ectf/car/ping.o
 .debug_aranges
                0x0000000000000020       0x20 objects//home/drdave/efob/ectf/car/platform/uart/uart.o
 .debug_aranges
                0x0000000000000040       0x20 objects//home/drdave/efob/ectf/car/platform/uart/uart2.o
 .debug_aranges
                0x0000000000000060       0x20 objects//home/drdave/efob/ectf/car/platform/platform.o
 .debug_aranges
                0x0000000000000080       0x20 objects//home/drdave/efob/ectf/car/platform/vector_table.o
 .debug_aranges
                0x00000000000000a0       0x20 objects//home/drdave/efob/shell/lib/memlog/memlog.o
 .debug_aranges
                0x00000000000000c0       0x20 objects//home/drdave/efob/shell/lib/printf/printf.o
 .debug_aranges
                0x00000000000000e0       0x20 objects//home/drdave/efob/shell/lib/tiny-aes/aes.o
 .debug_aranges
                0x0000000000000100       0x20 objects//home/drdave/efob/shell/lib/a2i/a2i.o
 .debug_aranges
                0x0000000000000120       0x20 objects//home/drdave/efob/shell/lib/utils/utils.o
 .debug_aranges
                0x0000000000000140       0x20 objects//home/drdave/efob/shell/lib/string/string.o
 .debug_aranges
                0x0000000000000160       0x20 objects//home/drdave/efob/shell/shell/shell.o

.debug_line     0x0000000000000000     0x2537
 .debug_line    0x0000000000000000       0xb7 objects//home/drdave/efob/ectf/car/ping.o
 .debug_line    0x00000000000000b7       0xfe objects//home/drdave/efob/ectf/car/platform/uart/uart.o
 .debug_line    0x00000000000001b5       0xff objects//home/drdave/efob/ectf/car/platform/uart/uart2.o
 .debug_line    0x00000000000002b4      0x11a objects//home/drdave/efob/ectf/car/platform/platform.o
 .debug_line    0x00000000000003ce       0xaf objects//home/drdave/efob/ectf/car/platform/vector_table.o
 .debug_line    0x000000000000047d      0x1e1 objects//home/drdave/efob/shell/lib/memlog/memlog.o
 .debug_line    0x000000000000065e      0x3b6 objects//home/drdave/efob/shell/lib/printf/printf.o
 .debug_line    0x0000000000000a14      0xb23 objects//home/drdave/efob/shell/lib/tiny-aes/aes.o
 .debug_line    0x0000000000001537      0x174 objects//home/drdave/efob/shell/lib/a2i/a2i.o
 .debug_line    0x00000000000016ab      0x306 objects//home/drdave/efob/shell/lib/utils/utils.o
 .debug_line    0x00000000000019b1      0x1c1 objects//home/drdave/efob/shell/lib/string/string.o
 .debug_line    0x0000000000001b72      0x9c5 objects//home/drdave/efob/shell/shell/shell.o

.debug_str      0x0000000000000000      0x97a
 .debug_str     0x0000000000000000      0x160 objects//home/drdave/efob/ectf/car/ping.o
                                        0x19e (size before relaxing)
 .debug_str     0x0000000000000160       0x46 objects//home/drdave/efob/ectf/car/platform/uart/uart.o
                                         0xeb (size before relaxing)
 .debug_str     0x00000000000001a6       0x4a objects//home/drdave/efob/ectf/car/platform/uart/uart2.o
                                         0xef (size before relaxing)
 .debug_str     0x00000000000001f0       0x83 objects//home/drdave/efob/ectf/car/platform/platform.o
                                        0x1cd (size before relaxing)
 .debug_str     0x0000000000000273       0x65 objects//home/drdave/efob/ectf/car/platform/vector_table.o
                                        0x189 (size before relaxing)
 .debug_str     0x00000000000002d8       0xb8 objects//home/drdave/efob/shell/lib/memlog/memlog.o
                                        0x205 (size before relaxing)
 .debug_str     0x0000000000000390       0xf4 objects//home/drdave/efob/shell/lib/printf/printf.o
                                        0x1c9 (size before relaxing)
 .debug_str     0x0000000000000484      0x168 objects//home/drdave/efob/shell/lib/tiny-aes/aes.o
                                        0x2e0 (size before relaxing)
 .debug_str     0x00000000000005ec       0x30 objects//home/drdave/efob/shell/lib/a2i/a2i.o
                                        0x168 (size before relaxing)
 .debug_str     0x000000000000061c       0x7f objects//home/drdave/efob/shell/lib/utils/utils.o
                                        0x22a (size before relaxing)
 .debug_str     0x000000000000069b       0x63 objects//home/drdave/efob/shell/lib/string/string.o
                                        0x149 (size before relaxing)
 .debug_str     0x00000000000006fe      0x27c objects//home/drdave/efob/shell/shell/shell.o
                                        0x4d1 (size before relaxing)

.comment        0x0000000000000000       0x33
 .comment       0x0000000000000000       0x33 objects//home/drdave/efob/ectf/car/ping.o
                                         0x34 (size before relaxing)
 .comment       0x0000000000000033       0x34 objects//home/drdave/efob/ectf/car/platform/uart/uart.o
 .comment       0x0000000000000033       0x34 objects//home/drdave/efob/ectf/car/platform/uart/uart2.o
 .comment       0x0000000000000033       0x34 objects//home/drdave/efob/ectf/car/platform/platform.o
 .comment       0x0000000000000033       0x34 objects//home/drdave/efob/ectf/car/platform/vector_table.o
 .comment       0x0000000000000033       0x34 objects//home/drdave/efob/shell/lib/memlog/memlog.o
 .comment       0x0000000000000033       0x34 objects//home/drdave/efob/shell/lib/printf/printf.o
 .comment       0x0000000000000033       0x34 objects//home/drdave/efob/shell/lib/tiny-aes/aes.o
 .comment       0x0000000000000033       0x34 objects//home/drdave/efob/shell/lib/a2i/a2i.o
 .comment       0x0000000000000033       0x34 objects//home/drdave/efob/shell/lib/utils/utils.o
 .comment       0x0000000000000033       0x34 objects//home/drdave/efob/shell/lib/string/string.o
 .comment       0x0000000000000033       0x34 objects//home/drdave/efob/shell/shell/shell.o

.ARM.attributes
                0x0000000000000000       0x2c
 .ARM.attributes
                0x0000000000000000       0x2e objects//home/drdave/efob/ectf/car/ping.o
 .ARM.attributes
                0x000000000000002e       0x2e objects//home/drdave/efob/ectf/car/platform/uart/uart.o
 .ARM.attributes
                0x000000000000005c       0x2e objects//home/drdave/efob/ectf/car/platform/uart/uart2.o
 .ARM.attributes
                0x000000000000008a       0x2e objects//home/drdave/efob/ectf/car/platform/platform.o
 .ARM.attributes
                0x00000000000000b8       0x2e objects//home/drdave/efob/ectf/car/platform/vector_table.o
 .ARM.attributes
                0x00000000000000e6       0x2e objects//home/drdave/efob/shell/lib/memlog/memlog.o
 .ARM.attributes
                0x0000000000000114       0x2e objects//home/drdave/efob/shell/lib/printf/printf.o
 .ARM.attributes
                0x0000000000000142       0x2e objects//home/drdave/efob/shell/lib/tiny-aes/aes.o
 .ARM.attributes
                0x0000000000000170       0x2e objects//home/drdave/efob/shell/lib/a2i/a2i.o
 .ARM.attributes
                0x000000000000019e       0x2e objects//home/drdave/efob/shell/lib/utils/utils.o
 .ARM.attributes
                0x00000000000001cc       0x2e objects//home/drdave/efob/shell/lib/string/string.o
 .ARM.attributes
                0x00000000000001fa       0x2e objects//home/drdave/efob/shell/shell/shell.o
 .ARM.attributes
                0x0000000000000228       0x1c objects//home/drdave/efob/ectf/car/platform/start.o

.debug_frame    0x0000000000000000      0x844
 .debug_frame   0x0000000000000000       0x28 objects//home/drdave/efob/ectf/car/ping.o
 .debug_frame   0x0000000000000028       0x48 objects//home/drdave/efob/ectf/car/platform/uart/uart.o
 .debug_frame   0x0000000000000070       0x48 objects//home/drdave/efob/ectf/car/platform/uart/uart2.o
 .debug_frame   0x00000000000000b8       0x38 objects//home/drdave/efob/ectf/car/platform/platform.o
 .debug_frame   0x00000000000000f0       0x20 objects//home/drdave/efob/ectf/car/platform/vector_table.o
 .debug_frame   0x0000000000000110       0x54 objects//home/drdave/efob/shell/lib/memlog/memlog.o
 .debug_frame   0x0000000000000164       0xb8 objects//home/drdave/efob/shell/lib/printf/printf.o
 .debug_frame   0x000000000000021c      0x238 objects//home/drdave/efob/shell/lib/tiny-aes/aes.o
 .debug_frame   0x0000000000000454       0x30 objects//home/drdave/efob/shell/lib/a2i/a2i.o
 .debug_frame   0x0000000000000484       0x98 objects//home/drdave/efob/shell/lib/utils/utils.o
 .debug_frame   0x000000000000051c       0x60 objects//home/drdave/efob/shell/lib/string/string.o
 .debug_frame   0x000000000000057c      0x2c8 objects//home/drdave/efob/shell/shell/shell.o

.debug_ranges   0x0000000000000000       0xd8
 .debug_ranges  0x0000000000000000       0x78 objects//home/drdave/efob/shell/lib/printf/printf.o
 .debug_ranges  0x0000000000000078       0x30 objects//home/drdave/efob/shell/lib/a2i/a2i.o
 .debug_ranges  0x00000000000000a8       0x18 objects//home/drdave/efob/shell/lib/utils/utils.o
 .debug_ranges  0x00000000000000c0       0x18 objects//home/drdave/efob/shell/shell/shell.o
