
Memory Configuration

Name             Origin             Length             Attributes
ROM              0x00000000         0x00040000         xr
RAM              0x20000000         0x00008000         xrw
*default*        0x00000000         0xffffffff

Linker script and memory map

                0x0000290c                        _etext = LOADADDR (.data)
                0x20000000                        _data = ADDR (.data)
                0x20000058                        _edata = (ADDR (.data) + SIZEOF (.data))
                0x20000058                        _bss = ADDR (.bss)
                0x20000348                        _ebss = (ADDR (.bss) + SIZEOF (.bss))

.text           0x00000000     0x290c
 *(.init*)
 .init_vector   0x00000000      0x3c0 objects//home/ectf/ectf-trainer/fob/ectf/fob/platform/vector_table.o
                0x00000000                vector_table
 *(.text*)
 .text          0x000003c0      0x194 objects//home/ectf/ectf-trainer/fob/ectf/fob/mesg.o
                0x000003c0                finish_ecdhpair
                0x00000428                car_mesg
 .text          0x00000554        0x2 objects//home/ectf/ectf-trainer/fob/ectf/fob/platform/vector_table.o
                0x00000554                default_handler
 *fill*         0x00000556        0x2 
 .text          0x00000558       0x64 objects//home/ectf/ectf-trainer/fob/ectf/fob/platform/uart/uart.o
                0x00000558                uputc
                0x0000057c                ugetc
                0x00000598                uart_init
 .text          0x000005bc       0x64 objects//home/ectf/ectf-trainer/fob/ectf/fob/platform/uart/uart2.o
                0x000005bc                u2putc
                0x000005e0                u2getc
                0x000005fc                uart2_init
 .text          0x00000620       0x8c objects//home/ectf/ectf-trainer/fob/ectf/fob/platform/platform.o
                0x00000620                pin_setup
                0x00000674                platform_init
 .text          0x000006ac       0xa4 objects//home/ectf/ectf-trainer/fob/ectf/fob/aes_test.o
                0x000006ac                aes_test
 .text          0x00000750       0xbc objects//home/ectf/ectf-trainer/fob/ectf/fob/pair.o
                0x00000750                pair1
                0x0000077c                pairchall
                0x000007a8                pairecdh
 .text          0x0000080c       0xac objects//home/ectf/ectf-trainer/fob/ectf/fob/base64.o
                0x0000080c                encode64
                0x0000085c                decode64
 .text          0x000008b8      0x10c objects//home/ectf/ectf-trainer/fob/ectf/fob/ecdh_test.o
                0x000008b8                ecdh_test
 .text          0x000009c4       0x1c objects//home/ectf/ectf-trainer/fob/ectf/fob/ping.o
                0x000009c4                send_ping
 .text          0x000009e0       0xa4 objects//home/ectf/ectf-trainer/fob/ectf/fob/sha256_test.o
                0x000009e0                sha256_test
 .text          0x00000a84      0x680 objects//home/ectf/ectf-trainer/fob/shell/shell/shell.o
                0x00000a84                initial_setup
                0x00000b84                cmd_exec_status
                0x00000c0c                help
                0x00000e1c                set_read_char
                0x00000e28                set_read_char2
                0x00000e34                set_write_char
                0x00000e40                set_write_char2
                0x00000e4c                setup
                0x00000e4e                loop
                0x00000e50                prepend_prompt
                0x00000ef4                active_prompt
                0x00001070                prompt
                0x000010a8                exec
                0x000010d4                get_function_addr
 .text          0x00001104      0x25c objects//home/ectf/ectf-trainer/fob/shell/lib/base64/base64.o
                0x00001104                binary_to_base64
                0x00001136                base64_to_binary
                0x00001174                encode_base64_length
                0x00001188                decode_base64_length
                0x000011bc                encode_base64
                0x000012a4                decode_base64
 .text          0x00001360      0x2f0 objects//home/ectf/ectf-trainer/fob/shell/lib/sha256/sha256.o
                0x00001360                sha256_transform
                0x000014d4                sha256_init
                0x00001528                sha256_update
                0x00001568                sha256_final
 .text          0x00001650      0x238 objects//home/ectf/ectf-trainer/fob/shell/lib/printf/printf.o
                0x000017ac                printf
 .text          0x00001888      0x238 objects//home/ectf/ectf-trainer/fob/shell/lib/printf/printf2.o
                0x000019e4                printf2
 .text          0x00001ac0      0x160 objects//home/ectf/ectf-trainer/fob/shell/lib/utils/utils.o
                0x00001ac0                r32
                0x00001af0                w32
                0x00001b20                read_mem
                0x00001b68                w32_bit
                0x00001bd0                r32_bit
 .text          0x00001c20      0x5fc objects//home/ectf/ectf-trainer/fob/shell/lib/tiny-aes/aes.o
                0x000020e2                AES_init_ctx
                0x000020ea                AES_init_ctx_iv
                0x00002102                AES_ctx_set_iv
                0x0000210e                AES_ECB_encrypt
                0x0000211c                AES_ECB_decrypt
                0x0000212a                AES_CBC_encrypt_buffer
                0x00002162                AES_CBC_decrypt_buffer
                0x000021a8                AES_CTR_xcrypt_buffer
 .text          0x0000221c      0x580 objects//home/ectf/ectf-trainer/fob/shell/lib/tiny-ecdh/ecdh.o
                0x00002700                ecdh_generate_keys
                0x00002754                ecdh_shared_secret
 .text          0x0000279c       0x5c objects//home/ectf/ectf-trainer/fob/shell/lib/a2i/a2i.o
                0x0000279c                atoi
                0x000027ba                atoh
 .text          0x000027f8       0xac objects//home/ectf/ectf-trainer/fob/shell/lib/memlog/memlog.o
                0x000027f8                memlog_init
                0x00002838                memlog_getc
                0x00002878                memlog_putc
 .text          0x000028a4       0x60 objects//home/ectf/ectf-trainer/fob/shell/lib/string/string.o
                0x000028a4                strlen
                0x000028b4                strcmp
                0x000028ca                strcpy
                0x000028de                memcpy
                0x000028f4                memset
 .text          0x00002904        0x8 objects//home/ectf/ectf-trainer/fob/ectf/fob/platform/start.o
                0x00002904                reset_handler

.glue_7         0x0000290c        0x0
 .glue_7        0x0000290c        0x0 linker stubs

.glue_7t        0x0000290c        0x0
 .glue_7t       0x0000290c        0x0 linker stubs

.vfp11_veneer   0x0000290c        0x0
 .vfp11_veneer  0x0000290c        0x0 linker stubs

.v4_bx          0x0000290c        0x0
 .v4_bx         0x0000290c        0x0 linker stubs

.iplt           0x0000290c        0x0
 .iplt          0x0000290c        0x0 objects//home/ectf/ectf-trainer/fob/ectf/fob/mesg.o

.rel.dyn        0x0000290c        0x0
 .rel.iplt      0x0000290c        0x0 objects//home/ectf/ectf-trainer/fob/ectf/fob/mesg.o

.data           0x20000000       0x58 load address 0x0000290c
                0x20000000                        . = ALIGN (0x8)
 *(.data*)
 .data          0x20000000        0x0 objects//home/ectf/ectf-trainer/fob/ectf/fob/mesg.o
 .data          0x20000000        0x0 objects//home/ectf/ectf-trainer/fob/ectf/fob/platform/vector_table.o
 .data          0x20000000        0x0 objects//home/ectf/ectf-trainer/fob/ectf/fob/platform/uart/uart.o
 .data          0x20000000        0x0 objects//home/ectf/ectf-trainer/fob/ectf/fob/platform/uart/uart2.o
 .data          0x20000000        0x0 objects//home/ectf/ectf-trainer/fob/ectf/fob/platform/platform.o
 .data          0x20000000        0x0 objects//home/ectf/ectf-trainer/fob/ectf/fob/aes_test.o
 .data          0x20000000        0x0 objects//home/ectf/ectf-trainer/fob/ectf/fob/pair.o
 .data          0x20000000        0x0 objects//home/ectf/ectf-trainer/fob/ectf/fob/base64.o
 .data          0x20000000        0x0 objects//home/ectf/ectf-trainer/fob/ectf/fob/ecdh_test.o
 .data          0x20000000        0x0 objects//home/ectf/ectf-trainer/fob/ectf/fob/ping.o
 .data          0x20000000        0x0 objects//home/ectf/ectf-trainer/fob/ectf/fob/sha256_test.o
 .data          0x20000000       0x58 objects//home/ectf/ectf-trainer/fob/shell/shell/shell.o
                0x20000004                AES_key_b64
                0x20000030                ECDH_privkey_b64
                0x20000050                fob_ID
                0x20000054                pairing_PIN
 .data          0x20000058        0x0 objects//home/ectf/ectf-trainer/fob/shell/lib/base64/base64.o
 .data          0x20000058        0x0 objects//home/ectf/ectf-trainer/fob/shell/lib/sha256/sha256.o
 .data          0x20000058        0x0 objects//home/ectf/ectf-trainer/fob/shell/lib/printf/printf.o
 .data          0x20000058        0x0 objects//home/ectf/ectf-trainer/fob/shell/lib/printf/printf2.o
 .data          0x20000058        0x0 objects//home/ectf/ectf-trainer/fob/shell/lib/utils/utils.o
 .data          0x20000058        0x0 objects//home/ectf/ectf-trainer/fob/shell/lib/tiny-aes/aes.o
 .data          0x20000058        0x0 objects//home/ectf/ectf-trainer/fob/shell/lib/tiny-ecdh/ecdh.o
 .data          0x20000058        0x0 objects//home/ectf/ectf-trainer/fob/shell/lib/a2i/a2i.o
 .data          0x20000058        0x0 objects//home/ectf/ectf-trainer/fob/shell/lib/memlog/memlog.o
 .data          0x20000058        0x0 objects//home/ectf/ectf-trainer/fob/shell/lib/string/string.o
 .data          0x20000058        0x0 objects//home/ectf/ectf-trainer/fob/ectf/fob/platform/start.o

.igot.plt       0x20000058        0x0 load address 0x00002964
 .igot.plt      0x20000058        0x0 objects//home/ectf/ectf-trainer/fob/ectf/fob/mesg.o

.rodata         0x00002964      0xf34
                0x00002968                        . = ALIGN (0x8)
 *fill*         0x00002964        0x4 
                0x00002968                        __CMD_TABLE_START__ = .
 *(.cmd_list*)
 .cmd_list      0x00002968        0xc objects//home/ectf/ectf-trainer/fob/ectf/fob/mesg.o
                0x00002968                _varcar_mesg
 .cmd_list      0x00002974        0xc objects//home/ectf/ectf-trainer/fob/ectf/fob/aes_test.o
                0x00002974                _varaes_test
 .cmd_list      0x00002980       0x24 objects//home/ectf/ectf-trainer/fob/ectf/fob/pair.o
                0x00002980                _varpair1
                0x0000298c                _varpairchall
                0x00002998                _varpairecdh
 .cmd_list      0x000029a4       0x18 objects//home/ectf/ectf-trainer/fob/ectf/fob/base64.o
                0x000029a4                _vardecode64
                0x000029b0                _varencode64
 .cmd_list      0x000029bc        0xc objects//home/ectf/ectf-trainer/fob/ectf/fob/ecdh_test.o
                0x000029bc                _varecdh_test
 .cmd_list      0x000029c8        0xc objects//home/ectf/ectf-trainer/fob/ectf/fob/ping.o
                0x000029c8                _varsend_ping
 .cmd_list      0x000029d4        0xc objects//home/ectf/ectf-trainer/fob/ectf/fob/sha256_test.o
                0x000029d4                _varsha256_test
 .cmd_list      0x000029e0       0x24 objects//home/ectf/ectf-trainer/fob/shell/shell/shell.o
                0x000029e0                _varcmd_exec_status
                0x000029ec                _varhelp
                0x000029f8                _varshow_history
 .cmd_list      0x00002a04       0x3c objects//home/ectf/ectf-trainer/fob/shell/lib/utils/utils.o
                0x00002a04                _varread_mem
                0x00002a10                _varw32
                0x00002a1c                _varr32
                0x00002a28                _varr32_bit
                0x00002a34                _varw32_bit
                0x00002a40                        __AUTO_TABLE_START__ = .
 *(.auto_list*)
 .auto_list     0x00002a40        0xc objects//home/ectf/ectf-trainer/fob/shell/shell/shell.o
                0x00002a40                _varbuild_info
 *(.cmd_end*)
 .cmd_end       0x00002a4c        0xc objects//home/ectf/ectf-trainer/fob/shell/shell/shell.o
 *(.rodata*)
 .rodata.str1.4
                0x00002a58      0x15c objects//home/ectf/ectf-trainer/fob/ectf/fob/mesg.o
                                0x160 (size before relaxing)
 .rodata.str1.4
                0x00002bb4       0xf4 objects//home/ectf/ectf-trainer/fob/ectf/fob/aes_test.o
 .rodata.str1.4
                0x00002ca8      0x148 objects//home/ectf/ectf-trainer/fob/ectf/fob/pair.o
 .rodata.str1.4
                0x00002df0      0x124 objects//home/ectf/ectf-trainer/fob/ectf/fob/base64.o
 .rodata.str1.4
                0x00002f14       0xcd objects//home/ectf/ectf-trainer/fob/ectf/fob/ecdh_test.o
 *fill*         0x00002fe1        0x3 
 .rodata.str1.4
                0x00002fe4       0x42 objects//home/ectf/ectf-trainer/fob/ectf/fob/ping.o
 *fill*         0x00003026        0x2 
 .rodata.str1.4
                0x00003028       0xd4 objects//home/ectf/ectf-trainer/fob/ectf/fob/sha256_test.o
 .rodata        0x000030fc      0x16d objects//home/ectf/ectf-trainer/fob/shell/shell/shell.o
 *fill*         0x00003269        0x3 
 .rodata        0x0000326c      0x100 objects//home/ectf/ectf-trainer/fob/shell/lib/sha256/sha256.o
 .rodata.str1.4
                0x0000336c        0xf objects//home/ectf/ectf-trainer/fob/shell/lib/printf/printf.o
 *fill*         0x0000337b        0x1 
 .rodata        0x0000337c       0x10 objects//home/ectf/ectf-trainer/fob/shell/lib/printf/printf.o
 .rodata.str1.4
                0x0000338c       0x10 objects//home/ectf/ectf-trainer/fob/shell/lib/printf/printf2.o
 .rodata        0x0000339c       0x10 objects//home/ectf/ectf-trainer/fob/shell/lib/printf/printf2.o
 .rodata.str1.4
                0x000033ac      0x267 objects//home/ectf/ectf-trainer/fob/shell/lib/utils/utils.o
 *fill*         0x00003613        0x1 
 .rodata        0x00003614      0x20c objects//home/ectf/ectf-trainer/fob/shell/lib/tiny-aes/aes.o
 .rodata        0x00003820       0x78 objects//home/ectf/ectf-trainer/fob/shell/lib/tiny-ecdh/ecdh.o
                0x00003820                polynomial
                0x00003838                coeff_b
                0x00003850                base_y
                0x00003868                base_x
                0x00003880                base_order

.bss            0x20000058      0x2f0
                0x20000058                        . = ALIGN (0x8)
 *(.bss*)
 .bss           0x20000058        0x0 objects//home/ectf/ectf-trainer/fob/ectf/fob/mesg.o
 .bss           0x20000058        0x0 objects//home/ectf/ectf-trainer/fob/ectf/fob/platform/vector_table.o
 .bss           0x20000058        0x0 objects//home/ectf/ectf-trainer/fob/ectf/fob/platform/uart/uart.o
 .bss           0x20000058        0x0 objects//home/ectf/ectf-trainer/fob/ectf/fob/platform/uart/uart2.o
 .bss           0x20000058        0x0 objects//home/ectf/ectf-trainer/fob/ectf/fob/platform/platform.o
 .bss           0x20000058        0x0 objects//home/ectf/ectf-trainer/fob/ectf/fob/aes_test.o
 .bss           0x20000058        0x0 objects//home/ectf/ectf-trainer/fob/ectf/fob/pair.o
 .bss           0x20000058        0x0 objects//home/ectf/ectf-trainer/fob/ectf/fob/base64.o
 .bss           0x20000058        0x0 objects//home/ectf/ectf-trainer/fob/ectf/fob/ecdh_test.o
 .bss           0x20000058        0x0 objects//home/ectf/ectf-trainer/fob/ectf/fob/ping.o
 .bss           0x20000058        0x0 objects//home/ectf/ectf-trainer/fob/ectf/fob/sha256_test.o
 .bss           0x20000058      0x2d4 objects//home/ectf/ectf-trainer/fob/shell/shell/shell.o
                0x20000058                __write_char__
                0x20000168                __read_char__
                0x2000016c                __read_char2__
                0x20000170                __write_char2__
                0x20000174                AES_key
                0x20000194                ctx
                0x20000294                ECDH_AESkey
                0x200002b4                ECDH_shared
                0x200002e4                ECDH_pubkey
                0x20000314                ECDH_privkey
 .bss           0x2000032c        0x0 objects//home/ectf/ectf-trainer/fob/shell/lib/base64/base64.o
 .bss           0x2000032c        0x0 objects//home/ectf/ectf-trainer/fob/shell/lib/sha256/sha256.o
 .bss           0x2000032c        0x0 objects//home/ectf/ectf-trainer/fob/shell/lib/printf/printf.o
 .bss           0x2000032c        0x0 objects//home/ectf/ectf-trainer/fob/shell/lib/printf/printf2.o
 .bss           0x2000032c        0x0 objects//home/ectf/ectf-trainer/fob/shell/lib/utils/utils.o
 .bss           0x2000032c        0x0 objects//home/ectf/ectf-trainer/fob/shell/lib/tiny-aes/aes.o
 .bss           0x2000032c        0x0 objects//home/ectf/ectf-trainer/fob/shell/lib/tiny-ecdh/ecdh.o
 .bss           0x2000032c        0x0 objects//home/ectf/ectf-trainer/fob/shell/lib/a2i/a2i.o
 .bss           0x2000032c       0x1c objects//home/ectf/ectf-trainer/fob/shell/lib/memlog/memlog.o
 .bss           0x20000348        0x0 objects//home/ectf/ectf-trainer/fob/shell/lib/string/string.o
 .bss           0x20000348        0x0 objects//home/ectf/ectf-trainer/fob/ectf/fob/platform/start.o
                0x20007ffc                        PROVIDE (_STACK_TOP_ = ((ORIGIN (RAM) + LENGTH (RAM)) - 0x4))
LOAD objects//home/ectf/ectf-trainer/fob/ectf/fob/mesg.o
LOAD objects//home/ectf/ectf-trainer/fob/ectf/fob/platform/vector_table.o
LOAD objects//home/ectf/ectf-trainer/fob/ectf/fob/platform/uart/uart.o
LOAD objects//home/ectf/ectf-trainer/fob/ectf/fob/platform/uart/uart2.o
LOAD objects//home/ectf/ectf-trainer/fob/ectf/fob/platform/platform.o
LOAD objects//home/ectf/ectf-trainer/fob/ectf/fob/aes_test.o
LOAD objects//home/ectf/ectf-trainer/fob/ectf/fob/pair.o
LOAD objects//home/ectf/ectf-trainer/fob/ectf/fob/base64.o
LOAD objects//home/ectf/ectf-trainer/fob/ectf/fob/ecdh_test.o
LOAD objects//home/ectf/ectf-trainer/fob/ectf/fob/ping.o
LOAD objects//home/ectf/ectf-trainer/fob/ectf/fob/sha256_test.o
LOAD objects//home/ectf/ectf-trainer/fob/shell/shell/shell.o
LOAD objects//home/ectf/ectf-trainer/fob/shell/lib/base64/base64.o
LOAD objects//home/ectf/ectf-trainer/fob/shell/lib/sha256/sha256.o
LOAD objects//home/ectf/ectf-trainer/fob/shell/lib/printf/printf.o
LOAD objects//home/ectf/ectf-trainer/fob/shell/lib/printf/printf2.o
LOAD objects//home/ectf/ectf-trainer/fob/shell/lib/utils/utils.o
LOAD objects//home/ectf/ectf-trainer/fob/shell/lib/tiny-aes/aes.o
LOAD objects//home/ectf/ectf-trainer/fob/shell/lib/tiny-ecdh/ecdh.o
LOAD objects//home/ectf/ectf-trainer/fob/shell/lib/a2i/a2i.o
LOAD objects//home/ectf/ectf-trainer/fob/shell/lib/memlog/memlog.o
LOAD objects//home/ectf/ectf-trainer/fob/shell/lib/string/string.o
LOAD objects//home/ectf/ectf-trainer/fob/ectf/fob/platform/start.o
                0x20000000                        __RAM_BASE__ = 0x20000000
                0x00008000                        __RAM_SIZE__ = 0x8000
                0x00000000                        __ROM_BASE__ = 0x0
                0x00040000                        __ROM_SIZE__ = 0x40000
OUTPUT(shell.elf elf32-littlearm)
LOAD linker stubs

.debug_info     0x00000000     0x68bc
 .debug_info    0x00000000      0x6f7 objects//home/ectf/ectf-trainer/fob/ectf/fob/mesg.o
 .debug_info    0x000006f7       0xc1 objects//home/ectf/ectf-trainer/fob/ectf/fob/platform/vector_table.o
 .debug_info    0x000007b8       0x95 objects//home/ectf/ectf-trainer/fob/ectf/fob/platform/uart/uart.o
 .debug_info    0x0000084d       0x95 objects//home/ectf/ectf-trainer/fob/ectf/fob/platform/uart/uart2.o
 .debug_info    0x000008e2      0x183 objects//home/ectf/ectf-trainer/fob/ectf/fob/platform/platform.o
 .debug_info    0x00000a65      0x3a9 objects//home/ectf/ectf-trainer/fob/ectf/fob/aes_test.o
 .debug_info    0x00000e0e      0x3b4 objects//home/ectf/ectf-trainer/fob/ectf/fob/pair.o
 .debug_info    0x000011c2      0x366 objects//home/ectf/ectf-trainer/fob/ectf/fob/base64.o
 .debug_info    0x00001528      0x649 objects//home/ectf/ectf-trainer/fob/ectf/fob/ecdh_test.o
 .debug_info    0x00001b71      0x18f objects//home/ectf/ectf-trainer/fob/ectf/fob/ping.o
 .debug_info    0x00001d00      0x40a objects//home/ectf/ectf-trainer/fob/ectf/fob/sha256_test.o
 .debug_info    0x0000210a     0x112a objects//home/ectf/ectf-trainer/fob/shell/shell/shell.o
 .debug_info    0x00003234      0x309 objects//home/ectf/ectf-trainer/fob/shell/lib/base64/base64.o
 .debug_info    0x0000353d      0x3b9 objects//home/ectf/ectf-trainer/fob/shell/lib/sha256/sha256.o
 .debug_info    0x000038f6      0x32f objects//home/ectf/ectf-trainer/fob/shell/lib/printf/printf.o
 .debug_info    0x00003c25      0x32f objects//home/ectf/ectf-trainer/fob/shell/lib/printf/printf2.o
 .debug_info    0x00003f54      0x56c objects//home/ectf/ectf-trainer/fob/shell/lib/utils/utils.o
 .debug_info    0x000044c0      0xc34 objects//home/ectf/ectf-trainer/fob/shell/lib/tiny-aes/aes.o
 .debug_info    0x000050f4     0x1245 objects//home/ectf/ectf-trainer/fob/shell/lib/tiny-ecdh/ecdh.o
 .debug_info    0x00006339      0x14b objects//home/ectf/ectf-trainer/fob/shell/lib/a2i/a2i.o
 .debug_info    0x00006484      0x22a objects//home/ectf/ectf-trainer/fob/shell/lib/memlog/memlog.o
 .debug_info    0x000066ae      0x20e objects//home/ectf/ectf-trainer/fob/shell/lib/string/string.o

.debug_abbrev   0x00000000     0x2031
 .debug_abbrev  0x00000000      0x1bc objects//home/ectf/ectf-trainer/fob/ectf/fob/mesg.o
 .debug_abbrev  0x000001bc       0x9d objects//home/ectf/ectf-trainer/fob/ectf/fob/platform/vector_table.o
 .debug_abbrev  0x00000259       0x9f objects//home/ectf/ectf-trainer/fob/ectf/fob/platform/uart/uart.o
 .debug_abbrev  0x000002f8       0x9f objects//home/ectf/ectf-trainer/fob/ectf/fob/platform/uart/uart2.o
 .debug_abbrev  0x00000397       0xca objects//home/ectf/ectf-trainer/fob/ectf/fob/platform/platform.o
 .debug_abbrev  0x00000461      0x196 objects//home/ectf/ectf-trainer/fob/ectf/fob/aes_test.o
 .debug_abbrev  0x000005f7      0x165 objects//home/ectf/ectf-trainer/fob/ectf/fob/pair.o
 .debug_abbrev  0x0000075c      0x163 objects//home/ectf/ectf-trainer/fob/ectf/fob/base64.o
 .debug_abbrev  0x000008bf      0x1af objects//home/ectf/ectf-trainer/fob/ectf/fob/ecdh_test.o
 .debug_abbrev  0x00000a6e      0x10b objects//home/ectf/ectf-trainer/fob/ectf/fob/ping.o
 .debug_abbrev  0x00000b79      0x172 objects//home/ectf/ectf-trainer/fob/ectf/fob/sha256_test.o
 .debug_abbrev  0x00000ceb      0x451 objects//home/ectf/ectf-trainer/fob/shell/shell/shell.o
 .debug_abbrev  0x0000113c       0xdf objects//home/ectf/ectf-trainer/fob/shell/lib/base64/base64.o
 .debug_abbrev  0x0000121b      0x145 objects//home/ectf/ectf-trainer/fob/shell/lib/sha256/sha256.o
 .debug_abbrev  0x00001360      0x1cf objects//home/ectf/ectf-trainer/fob/shell/lib/printf/printf.o
 .debug_abbrev  0x0000152f      0x1cf objects//home/ectf/ectf-trainer/fob/shell/lib/printf/printf2.o
 .debug_abbrev  0x000016fe      0x192 objects//home/ectf/ectf-trainer/fob/shell/lib/utils/utils.o
 .debug_abbrev  0x00001890      0x261 objects//home/ectf/ectf-trainer/fob/shell/lib/tiny-aes/aes.o
 .debug_abbrev  0x00001af1      0x220 objects//home/ectf/ectf-trainer/fob/shell/lib/tiny-ecdh/ecdh.o
 .debug_abbrev  0x00001d11       0xc6 objects//home/ectf/ectf-trainer/fob/shell/lib/a2i/a2i.o
 .debug_abbrev  0x00001dd7      0x152 objects//home/ectf/ectf-trainer/fob/shell/lib/memlog/memlog.o
 .debug_abbrev  0x00001f29      0x108 objects//home/ectf/ectf-trainer/fob/shell/lib/string/string.o

.debug_loclists
                0x00000000     0x23e1
 .debug_loclists
                0x00000000       0xce objects//home/ectf/ectf-trainer/fob/ectf/fob/mesg.o
 .debug_loclists
                0x000000ce       0x2f objects//home/ectf/ectf-trainer/fob/ectf/fob/platform/uart/uart.o
 .debug_loclists
                0x000000fd       0x2f objects//home/ectf/ectf-trainer/fob/ectf/fob/platform/uart/uart2.o
 .debug_loclists
                0x0000012c       0x59 objects//home/ectf/ectf-trainer/fob/ectf/fob/aes_test.o
 .debug_loclists
                0x00000185       0x7a objects//home/ectf/ectf-trainer/fob/ectf/fob/pair.o
 .debug_loclists
                0x000001ff       0xe9 objects//home/ectf/ectf-trainer/fob/ectf/fob/base64.o
 .debug_loclists
                0x000002e8       0x66 objects//home/ectf/ectf-trainer/fob/ectf/fob/ecdh_test.o
 .debug_loclists
                0x0000034e       0x30 objects//home/ectf/ectf-trainer/fob/ectf/fob/ping.o
 .debug_loclists
                0x0000037e       0x41 objects//home/ectf/ectf-trainer/fob/ectf/fob/sha256_test.o
 .debug_loclists
                0x000003bf      0x53c objects//home/ectf/ectf-trainer/fob/shell/shell/shell.o
 .debug_loclists
                0x000008fb      0x19d objects//home/ectf/ectf-trainer/fob/shell/lib/base64/base64.o
 .debug_loclists
                0x00000a98      0x291 objects//home/ectf/ectf-trainer/fob/shell/lib/sha256/sha256.o
 .debug_loclists
                0x00000d29      0x390 objects//home/ectf/ectf-trainer/fob/shell/lib/printf/printf.o
 .debug_loclists
                0x000010b9      0x390 objects//home/ectf/ectf-trainer/fob/shell/lib/printf/printf2.o
 .debug_loclists
                0x00001449      0x282 objects//home/ectf/ectf-trainer/fob/shell/lib/utils/utils.o
 .debug_loclists
                0x000016cb      0x616 objects//home/ectf/ectf-trainer/fob/shell/lib/tiny-aes/aes.o
 .debug_loclists
                0x00001ce1      0x507 objects//home/ectf/ectf-trainer/fob/shell/lib/tiny-ecdh/ecdh.o
 .debug_loclists
                0x000021e8       0xa1 objects//home/ectf/ectf-trainer/fob/shell/lib/a2i/a2i.o
 .debug_loclists
                0x00002289       0x78 objects//home/ectf/ectf-trainer/fob/shell/lib/memlog/memlog.o
 .debug_loclists
                0x00002301       0xe0 objects//home/ectf/ectf-trainer/fob/shell/lib/string/string.o

.debug_aranges  0x00000000      0x2c0
 .debug_aranges
                0x00000000       0x20 objects//home/ectf/ectf-trainer/fob/ectf/fob/mesg.o
 .debug_aranges
                0x00000020       0x20 objects//home/ectf/ectf-trainer/fob/ectf/fob/platform/vector_table.o
 .debug_aranges
                0x00000040       0x20 objects//home/ectf/ectf-trainer/fob/ectf/fob/platform/uart/uart.o
 .debug_aranges
                0x00000060       0x20 objects//home/ectf/ectf-trainer/fob/ectf/fob/platform/uart/uart2.o
 .debug_aranges
                0x00000080       0x20 objects//home/ectf/ectf-trainer/fob/ectf/fob/platform/platform.o
 .debug_aranges
                0x000000a0       0x20 objects//home/ectf/ectf-trainer/fob/ectf/fob/aes_test.o
 .debug_aranges
                0x000000c0       0x20 objects//home/ectf/ectf-trainer/fob/ectf/fob/pair.o
 .debug_aranges
                0x000000e0       0x20 objects//home/ectf/ectf-trainer/fob/ectf/fob/base64.o
 .debug_aranges
                0x00000100       0x20 objects//home/ectf/ectf-trainer/fob/ectf/fob/ecdh_test.o
 .debug_aranges
                0x00000120       0x20 objects//home/ectf/ectf-trainer/fob/ectf/fob/ping.o
 .debug_aranges
                0x00000140       0x20 objects//home/ectf/ectf-trainer/fob/ectf/fob/sha256_test.o
 .debug_aranges
                0x00000160       0x20 objects//home/ectf/ectf-trainer/fob/shell/shell/shell.o
 .debug_aranges
                0x00000180       0x20 objects//home/ectf/ectf-trainer/fob/shell/lib/base64/base64.o
 .debug_aranges
                0x000001a0       0x20 objects//home/ectf/ectf-trainer/fob/shell/lib/sha256/sha256.o
 .debug_aranges
                0x000001c0       0x20 objects//home/ectf/ectf-trainer/fob/shell/lib/printf/printf.o
 .debug_aranges
                0x000001e0       0x20 objects//home/ectf/ectf-trainer/fob/shell/lib/printf/printf2.o
 .debug_aranges
                0x00000200       0x20 objects//home/ectf/ectf-trainer/fob/shell/lib/utils/utils.o
 .debug_aranges
                0x00000220       0x20 objects//home/ectf/ectf-trainer/fob/shell/lib/tiny-aes/aes.o
 .debug_aranges
                0x00000240       0x20 objects//home/ectf/ectf-trainer/fob/shell/lib/tiny-ecdh/ecdh.o
 .debug_aranges
                0x00000260       0x20 objects//home/ectf/ectf-trainer/fob/shell/lib/a2i/a2i.o
 .debug_aranges
                0x00000280       0x20 objects//home/ectf/ectf-trainer/fob/shell/lib/memlog/memlog.o
 .debug_aranges
                0x000002a0       0x20 objects//home/ectf/ectf-trainer/fob/shell/lib/string/string.o

.debug_line     0x00000000     0x4849
 .debug_line    0x00000000      0x336 objects//home/ectf/ectf-trainer/fob/ectf/fob/mesg.o
 .debug_line    0x00000336       0xc8 objects//home/ectf/ectf-trainer/fob/ectf/fob/platform/vector_table.o
 .debug_line    0x000003fe      0x101 objects//home/ectf/ectf-trainer/fob/ectf/fob/platform/uart/uart.o
 .debug_line    0x000004ff      0x102 objects//home/ectf/ectf-trainer/fob/ectf/fob/platform/uart/uart2.o
 .debug_line    0x00000601      0x138 objects//home/ectf/ectf-trainer/fob/ectf/fob/platform/platform.o
 .debug_line    0x00000739      0x1cd objects//home/ectf/ectf-trainer/fob/ectf/fob/aes_test.o
 .debug_line    0x00000906      0x1d5 objects//home/ectf/ectf-trainer/fob/ectf/fob/pair.o
 .debug_line    0x00000adb      0x228 objects//home/ectf/ectf-trainer/fob/ectf/fob/base64.o
 .debug_line    0x00000d03      0x25f objects//home/ectf/ectf-trainer/fob/ectf/fob/ecdh_test.o
 .debug_line    0x00000f62       0xd6 objects//home/ectf/ectf-trainer/fob/ectf/fob/ping.o
 .debug_line    0x00001038      0x222 objects//home/ectf/ectf-trainer/fob/ectf/fob/sha256_test.o
 .debug_line    0x0000125a      0x9e9 objects//home/ectf/ectf-trainer/fob/shell/shell/shell.o
 .debug_line    0x00001c43      0x46a objects//home/ectf/ectf-trainer/fob/shell/lib/base64/base64.o
 .debug_line    0x000020ad      0x600 objects//home/ectf/ectf-trainer/fob/shell/lib/sha256/sha256.o
 .debug_line    0x000026ad      0x3a7 objects//home/ectf/ectf-trainer/fob/shell/lib/printf/printf.o
 .debug_line    0x00002a54      0x3a8 objects//home/ectf/ectf-trainer/fob/shell/lib/printf/printf2.o
 .debug_line    0x00002dfc      0x333 objects//home/ectf/ectf-trainer/fob/shell/lib/utils/utils.o
 .debug_line    0x0000312f      0xb19 objects//home/ectf/ectf-trainer/fob/shell/lib/tiny-aes/aes.o
 .debug_line    0x00003c48      0x6a6 objects//home/ectf/ectf-trainer/fob/shell/lib/tiny-ecdh/ecdh.o
 .debug_line    0x000042ee      0x18d objects//home/ectf/ectf-trainer/fob/shell/lib/a2i/a2i.o
 .debug_line    0x0000447b      0x217 objects//home/ectf/ectf-trainer/fob/shell/lib/memlog/memlog.o
 .debug_line    0x00004692      0x1b7 objects//home/ectf/ectf-trainer/fob/shell/lib/string/string.o

.debug_str      0x00000000     0x107c
 .debug_str     0x00000000      0x26a objects//home/ectf/ectf-trainer/fob/ectf/fob/mesg.o
                                0x2c0 (size before relaxing)
 .debug_str     0x0000026a       0x7d objects//home/ectf/ectf-trainer/fob/ectf/fob/platform/vector_table.o
                                0x1a1 (size before relaxing)
 .debug_str     0x000002e7       0x50 objects//home/ectf/ectf-trainer/fob/ectf/fob/platform/uart/uart.o
                                 0xf5 (size before relaxing)
 .debug_str     0x00000337       0x54 objects//home/ectf/ectf-trainer/fob/ectf/fob/platform/uart/uart2.o
                                 0xf9 (size before relaxing)
 .debug_str     0x0000038b       0x8d objects//home/ectf/ectf-trainer/fob/ectf/fob/platform/platform.o
                                0x1f1 (size before relaxing)
 .debug_str     0x00000418       0x6b objects//home/ectf/ectf-trainer/fob/ectf/fob/aes_test.o
                                0x226 (size before relaxing)
 .debug_str     0x00000483       0x9f objects//home/ectf/ectf-trainer/fob/ectf/fob/pair.o
                                0x25f (size before relaxing)
 .debug_str     0x00000522       0x5a objects//home/ectf/ectf-trainer/fob/ectf/fob/base64.o
                                0x20c (size before relaxing)
 .debug_str     0x0000057c       0x71 objects//home/ectf/ectf-trainer/fob/ectf/fob/ecdh_test.o
                                0x300 (size before relaxing)
 .debug_str     0x000005ed       0x3a objects//home/ectf/ectf-trainer/fob/ectf/fob/ping.o
                                0x1ba (size before relaxing)
 .debug_str     0x00000627       0x5b objects//home/ectf/ectf-trainer/fob/ectf/fob/sha256_test.o
                                0x25c (size before relaxing)
 .debug_str     0x00000682      0x2cd objects//home/ectf/ectf-trainer/fob/shell/shell/shell.o
                                0x57f (size before relaxing)
 .debug_str     0x0000094f       0xba objects//home/ectf/ectf-trainer/fob/shell/lib/base64/base64.o
                                0x191 (size before relaxing)
 .debug_str     0x00000a09       0x4c objects//home/ectf/ectf-trainer/fob/shell/lib/sha256/sha256.o
                                0x1e5 (size before relaxing)
 .debug_str     0x00000a55       0xd1 objects//home/ectf/ectf-trainer/fob/shell/lib/printf/printf.o
                                0x1bb (size before relaxing)
 .debug_str     0x00000b26       0x67 objects//home/ectf/ectf-trainer/fob/shell/lib/printf/printf2.o
                                0x1c2 (size before relaxing)
 .debug_str     0x00000b8d       0x93 objects//home/ectf/ectf-trainer/fob/shell/lib/utils/utils.o
                                0x234 (size before relaxing)
 .debug_str     0x00000c20      0x128 objects//home/ectf/ectf-trainer/fob/shell/lib/tiny-aes/aes.o
                                0x2ea (size before relaxing)
 .debug_str     0x00000d48      0x1f7 objects//home/ectf/ectf-trainer/fob/shell/lib/tiny-ecdh/ecdh.o
                                0x359 (size before relaxing)
 .debug_str     0x00000f3f       0x30 objects//home/ectf/ectf-trainer/fob/shell/lib/a2i/a2i.o
                                0x172 (size before relaxing)
 .debug_str     0x00000f6f       0xb3 objects//home/ectf/ectf-trainer/fob/shell/lib/memlog/memlog.o
                                0x216 (size before relaxing)
 .debug_str     0x00001022       0x5a objects//home/ectf/ectf-trainer/fob/shell/lib/string/string.o
                                0x153 (size before relaxing)

.comment        0x00000000       0x55
 .comment       0x00000000       0x55 objects//home/ectf/ectf-trainer/fob/ectf/fob/mesg.o
                                 0x56 (size before relaxing)
 .comment       0x00000055       0x56 objects//home/ectf/ectf-trainer/fob/ectf/fob/platform/vector_table.o
 .comment       0x00000055       0x56 objects//home/ectf/ectf-trainer/fob/ectf/fob/platform/uart/uart.o
 .comment       0x00000055       0x56 objects//home/ectf/ectf-trainer/fob/ectf/fob/platform/uart/uart2.o
 .comment       0x00000055       0x56 objects//home/ectf/ectf-trainer/fob/ectf/fob/platform/platform.o
 .comment       0x00000055       0x56 objects//home/ectf/ectf-trainer/fob/ectf/fob/aes_test.o
 .comment       0x00000055       0x56 objects//home/ectf/ectf-trainer/fob/ectf/fob/pair.o
 .comment       0x00000055       0x56 objects//home/ectf/ectf-trainer/fob/ectf/fob/base64.o
 .comment       0x00000055       0x56 objects//home/ectf/ectf-trainer/fob/ectf/fob/ecdh_test.o
 .comment       0x00000055       0x56 objects//home/ectf/ectf-trainer/fob/ectf/fob/ping.o
 .comment       0x00000055       0x56 objects//home/ectf/ectf-trainer/fob/ectf/fob/sha256_test.o
 .comment       0x00000055       0x56 objects//home/ectf/ectf-trainer/fob/shell/shell/shell.o
 .comment       0x00000055       0x56 objects//home/ectf/ectf-trainer/fob/shell/lib/base64/base64.o
 .comment       0x00000055       0x56 objects//home/ectf/ectf-trainer/fob/shell/lib/sha256/sha256.o
 .comment       0x00000055       0x56 objects//home/ectf/ectf-trainer/fob/shell/lib/printf/printf.o
 .comment       0x00000055       0x56 objects//home/ectf/ectf-trainer/fob/shell/lib/printf/printf2.o
 .comment       0x00000055       0x56 objects//home/ectf/ectf-trainer/fob/shell/lib/utils/utils.o
 .comment       0x00000055       0x56 objects//home/ectf/ectf-trainer/fob/shell/lib/tiny-aes/aes.o
 .comment       0x00000055       0x56 objects//home/ectf/ectf-trainer/fob/shell/lib/tiny-ecdh/ecdh.o
 .comment       0x00000055       0x56 objects//home/ectf/ectf-trainer/fob/shell/lib/a2i/a2i.o
 .comment       0x00000055       0x56 objects//home/ectf/ectf-trainer/fob/shell/lib/memlog/memlog.o
 .comment       0x00000055       0x56 objects//home/ectf/ectf-trainer/fob/shell/lib/string/string.o

.ARM.attributes
                0x00000000       0x2c
 .ARM.attributes
                0x00000000       0x2e objects//home/ectf/ectf-trainer/fob/ectf/fob/mesg.o
 .ARM.attributes
                0x0000002e       0x2e objects//home/ectf/ectf-trainer/fob/ectf/fob/platform/vector_table.o
 .ARM.attributes
                0x0000005c       0x2e objects//home/ectf/ectf-trainer/fob/ectf/fob/platform/uart/uart.o
 .ARM.attributes
                0x0000008a       0x2e objects//home/ectf/ectf-trainer/fob/ectf/fob/platform/uart/uart2.o
 .ARM.attributes
                0x000000b8       0x2e objects//home/ectf/ectf-trainer/fob/ectf/fob/platform/platform.o
 .ARM.attributes
                0x000000e6       0x2e objects//home/ectf/ectf-trainer/fob/ectf/fob/aes_test.o
 .ARM.attributes
                0x00000114       0x2e objects//home/ectf/ectf-trainer/fob/ectf/fob/pair.o
 .ARM.attributes
                0x00000142       0x2e objects//home/ectf/ectf-trainer/fob/ectf/fob/base64.o
 .ARM.attributes
                0x00000170       0x2e objects//home/ectf/ectf-trainer/fob/ectf/fob/ecdh_test.o
 .ARM.attributes
                0x0000019e       0x2e objects//home/ectf/ectf-trainer/fob/ectf/fob/ping.o
 .ARM.attributes
                0x000001cc       0x2e objects//home/ectf/ectf-trainer/fob/ectf/fob/sha256_test.o
 .ARM.attributes
                0x000001fa       0x2e objects//home/ectf/ectf-trainer/fob/shell/shell/shell.o
 .ARM.attributes
                0x00000228       0x2e objects//home/ectf/ectf-trainer/fob/shell/lib/base64/base64.o
 .ARM.attributes
                0x00000256       0x2e objects//home/ectf/ectf-trainer/fob/shell/lib/sha256/sha256.o
 .ARM.attributes
                0x00000284       0x2e objects//home/ectf/ectf-trainer/fob/shell/lib/printf/printf.o
 .ARM.attributes
                0x000002b2       0x2e objects//home/ectf/ectf-trainer/fob/shell/lib/printf/printf2.o
 .ARM.attributes
                0x000002e0       0x2e objects//home/ectf/ectf-trainer/fob/shell/lib/utils/utils.o
 .ARM.attributes
                0x0000030e       0x2e objects//home/ectf/ectf-trainer/fob/shell/lib/tiny-aes/aes.o
 .ARM.attributes
                0x0000033c       0x2e objects//home/ectf/ectf-trainer/fob/shell/lib/tiny-ecdh/ecdh.o
 .ARM.attributes
                0x0000036a       0x2e objects//home/ectf/ectf-trainer/fob/shell/lib/a2i/a2i.o
 .ARM.attributes
                0x00000398       0x2e objects//home/ectf/ectf-trainer/fob/shell/lib/memlog/memlog.o
 .ARM.attributes
                0x000003c6       0x2e objects//home/ectf/ectf-trainer/fob/shell/lib/string/string.o
 .ARM.attributes
                0x000003f4       0x1c objects//home/ectf/ectf-trainer/fob/ectf/fob/platform/start.o

.debug_frame    0x00000000      0xdd8
 .debug_frame   0x00000000       0x58 objects//home/ectf/ectf-trainer/fob/ectf/fob/mesg.o
 .debug_frame   0x00000058       0x20 objects//home/ectf/ectf-trainer/fob/ectf/fob/platform/vector_table.o
 .debug_frame   0x00000078       0x48 objects//home/ectf/ectf-trainer/fob/ectf/fob/platform/uart/uart.o
 .debug_frame   0x000000c0       0x48 objects//home/ectf/ectf-trainer/fob/ectf/fob/platform/uart/uart2.o
 .debug_frame   0x00000108       0x38 objects//home/ectf/ectf-trainer/fob/ectf/fob/platform/platform.o
 .debug_frame   0x00000140       0x34 objects//home/ectf/ectf-trainer/fob/ectf/fob/aes_test.o
 .debug_frame   0x00000174       0x60 objects//home/ectf/ectf-trainer/fob/ectf/fob/pair.o
 .debug_frame   0x000001d4       0x50 objects//home/ectf/ectf-trainer/fob/ectf/fob/base64.o
 .debug_frame   0x00000224       0x34 objects//home/ectf/ectf-trainer/fob/ectf/fob/ecdh_test.o
 .debug_frame   0x00000258       0x28 objects//home/ectf/ectf-trainer/fob/ectf/fob/ping.o
 .debug_frame   0x00000280       0x34 objects//home/ectf/ectf-trainer/fob/ectf/fob/sha256_test.o
 .debug_frame   0x000002b4      0x2c8 objects//home/ectf/ectf-trainer/fob/shell/shell/shell.o
 .debug_frame   0x0000057c       0x9c objects//home/ectf/ectf-trainer/fob/shell/lib/base64/base64.o
 .debug_frame   0x00000618       0x8c objects//home/ectf/ectf-trainer/fob/shell/lib/sha256/sha256.o
 .debug_frame   0x000006a4       0x88 objects//home/ectf/ectf-trainer/fob/shell/lib/printf/printf.o
 .debug_frame   0x0000072c       0x88 objects//home/ectf/ectf-trainer/fob/shell/lib/printf/printf2.o
 .debug_frame   0x000007b4       0x98 objects//home/ectf/ectf-trainer/fob/shell/lib/utils/utils.o
 .debug_frame   0x0000084c      0x238 objects//home/ectf/ectf-trainer/fob/shell/lib/tiny-aes/aes.o
 .debug_frame   0x00000a84      0x270 objects//home/ectf/ectf-trainer/fob/shell/lib/tiny-ecdh/ecdh.o
 .debug_frame   0x00000cf4       0x30 objects//home/ectf/ectf-trainer/fob/shell/lib/a2i/a2i.o
 .debug_frame   0x00000d24       0x54 objects//home/ectf/ectf-trainer/fob/shell/lib/memlog/memlog.o
 .debug_frame   0x00000d78       0x60 objects//home/ectf/ectf-trainer/fob/shell/lib/string/string.o

.debug_rnglists
                0x00000000       0xec
 .debug_rnglists
                0x00000000       0x17 objects//home/ectf/ectf-trainer/fob/shell/shell/shell.o
 .debug_rnglists
                0x00000017       0x42 objects//home/ectf/ectf-trainer/fob/shell/lib/printf/printf.o
 .debug_rnglists
                0x00000059       0x42 objects//home/ectf/ectf-trainer/fob/shell/lib/printf/printf2.o
 .debug_rnglists
                0x0000009b       0x15 objects//home/ectf/ectf-trainer/fob/shell/lib/utils/utils.o
 .debug_rnglists
                0x000000b0       0x22 objects//home/ectf/ectf-trainer/fob/shell/lib/tiny-ecdh/ecdh.o
 .debug_rnglists
                0x000000d2       0x1a objects//home/ectf/ectf-trainer/fob/shell/lib/a2i/a2i.o
